// Jest Snapshot v1, https://goo.gl/fbAQLP

exports[`PollOptions should render successfully 1`] = `
<div
  className="section space"
>
  <div
    className="main"
  >
    <InputField
      disabled={false}
      id="poll-question"
      onChange={[Function]}
      placeholder="Input the question here..."
      value=""
    />
    <button
      className=""
      disabled={true}
      id="lock-btn"
      onClick={[Function]}
      style={
        Object {
          "verticalAlign": "middle",
        }
      }
      type="button"
    >
      <i
        className="material-icons"
        style={
          Object {
            "fontSize": "26px  ",
          }
        }
      >
        lock_open
      </i>
    </button>
    <div
      className="flex-container"
    >
      <div
        className="option-container"
        key="new_option_container"
      >
        <InputField
          disabled={false}
          id="new_option"
          onChange={[Function]}
          placeholder="Add new option"
          value=""
        />
        <button
          className="btn add-btn"
          disabled={true}
          id="add_new_option"
          onClick={[Function]}
          type="button"
        >
          Add
        </button>
      </div>
    </div>
  </div>
  <div
    className="footer"
  >
    <div
      className="message"
    >
      0/10 possible answers
    </div>
    <div
      className="btn-holder"
    >
      <button
        className="btn reset-btn"
        onClick={[Function]}
        type="button"
      >
        Reset
      </button>
    </div>
  </div>
</div>
`;
